// Jest Snapshot v1, https://goo.gl/fbAQLP

exports[`<Button /> should render with children 1`] = `
.c0 {
  background-color: #4C30F5;
  color: #ffffff;
  padding: 12px 40px;
  border-radius: 5px;
  border: none;
  font-family: Poppins,sans-serif;
  font-size: 1.5rem;
  -webkit-letter-spacing: 0.5px;
  -moz-letter-spacing: 0.5px;
  -ms-letter-spacing: 0.5px;
  letter-spacing: 0.5px;
  cursor: pointer;
  -webkit-transition: all 0.3s ease;
  transition: all 0.3s ease;
}

.c0:hover {
  background-color: #7962ff;
  -webkit-transform: translateY(-3px);
  -ms-transform: translateY(-3px);
  transform: translateY(-3px);
}

<button
  class="c0"
>
  Button
</button>
`;
